1234567framebuffer console: 1280x800 @ 32bpp addr=fd000000 pitch=5120
[2J[H
                       [38;5;37m___[0m
                      [38;5;37m/[0m   [38;5;37m\[0m
                     [38;5;37m/[0m  [38;5;6mo[0m  [38;5;73m\[0m
                    [38;5;30m/[0m       [38;5;73m\[0m
                   [38;5;30m/[0m  [38;5;37m_____[0m  [38;5;73m\[0m
                  [38;5;24m/[0m  [38;5;30m/[0m     [38;5;73m\[0m  [38;5;73m\[0m
                 [38;5;24m/[0m  [38;5;24m/[0m       [38;5;37m\[0m  [38;5;37m\[0m
                [38;5;24m/[0m[38;5;24m__[0m[38;5;24m/[0m         [38;5;37m\[0m[38;5;37m__[0m[38;5;37m\[0m

                [38;5;37mA N U N I X[0m
          [38;5;243mThe AI-Native Operating System[0m

  Anunix 2026.5.8 booting

arch init complete
state object layer initialized
execution cell runtime initialized
memory control plane initialized
routing plane and scheduler initialized
network plane initialized
capability store initialized
interface plane initialized
usb_mouse: no USB controller found (non-fatal)
posix compatibility layer initialized
credential store initialized
acpi: revision 0, oem BOCHS 
acpi: 1 CPUs, 1 IOAPICs, LAPIC at 0xfee00000
pci: 6 devices found
virtio-net: 52:54:0:12:34:56 on irq 11
driver: virtio-net ok
[pal] no persisted state (first boot or fresh format)
[pal-prime] hw: npu=0 fb=1 wifi=0 storage=0
[pal] updated world=anx:world/workflow-search/v1 sessions=1
[pal] updated world=anx:world/workflow-search/v1 sessions=2
[pal] updated world=anx:world/workflow-search/v1 sessions=3
wf: subsystem initialized (max 16 workflows)
[wf-lib] registered 16 built-in workflow templates
workflow subsystem initialized
[jepa] no tensor engine available — world model disabled
vm: subsystem initialized (max 32 VMs)
vm subsystem initialized
[loop] session subsystem initialized (max 32 sessions)
[ebm] initialized: 4 scorers (world/goal/constraint/uncertainty)
theme: switched to pretty
theme: initialized pretty
theme subsystem initialized
dhcp: discovering...
dhcp: offered 10.0.2.15
dhcp: ip 10.0.2.15 gw 10.0.2.2 dns 10.0.2.3
net: ip 10.0.2.15 gw 10.0.2.2 dns 10.0.2.3
ntp: 16:22:10 UTC (unix 1789489330)
tcp: listening on port 8080
httpd: API server listening on port 8080
tcp: listening on port 22
sshd: SSH server listening on port 22
[wm] hotkeys registered (42 bindings)
[wm] initialized (9 workspaces)
window manager initialized
kernel init complete -- all subsystems online

=== Performance Profile ===

  arch_init: 1317962 Kcycles (~1317962 us)
  splash: 10000699 Kcycles (~10000699 us)
  gui_init: 243 Kcycles (~243 us)
  objstore_init: 13 Kcycles (~13 us)
  acpi_init: 2152 Kcycles (~2152 us)
  pci_init: 153839 Kcycles (~153839 us)
  drivers_probe: 2633 Kcycles (~2633 us)
  audio_init: 6 Kcycles (~6 us)
  dhcp_discover: 3161 Kcycles (~3161 us)
  net_stack_init: 1287 Kcycles (~1287 us)

  TOTAL: 11482001 Kcycles (~11482001 us)

[wm] desktop session started (workspace 1)
[wm] keybindings:
[wm]   Meta+1..9      switch workspace
[wm]   Meta+Shift+1..9 send window to workspace
[wm]   Meta+Enter     open terminal
[wm]   Meta+Q         close window
[wm]   Meta+F         fullscreen toggle
[wm]   Meta+[         tile left
[wm]   Meta+]         tile right
[wm]   Meta+Shift+F   float (restore from tile)
[wm]   Meta+Tab       cycle window focus
[wm]   Meta+Space     command search
[wm]   Meta+W         workflow designer
[wm]   Meta+O         object viewer
[wm]   Meta+M         minimize window
[wm]   Meta+Shift+H   halt system
[agent] opened

=== Anunix System Information ===

ANUNIX_KERNEL_PROFILE_V1 arch=x86_64 research_test=1
ANUNIX_SOURCE_PROFILE_V1 sha256=3e3a78cce6d022a370e2250d34b58b94f3bf7335b796ba4be5944a5751dcc0fe
CPU:       1 cores
LAPIC:     0xfee00000
IOAPICs:   1
Memory:    11136 KiB free / 16384 KiB total (32% used)
Disk:      none
Network:   52:54:0:12:34:56 (ip 10.0.2.15)
PCI:       6 devices
Scheduler: int=0 bg=0 lat=0 batch=0
Event Queue: depth=0/256 drops=0 threshold=90%
  Latency: <1ms=0 1-5ms=0 5-10ms=0 >10ms=0

wf: created 'research-day-038' (cap 1)
wf: running 'research-day-038' (2 nodes, 1 edges, cap 1)
wf:   dispatch node 1 [] ''
wf:   dispatch node 2 [] ''
wf: 'research-day-038' completed
wf: 'research-day-038' trace sealed
reuse: 'research-day-038' condition 0 changed (version 1 to 2, hash 1)
wf: running 'research-day-038' (2 nodes, 1 edges, cap 1)
wf:   dispatch node 1 [] ''
wf:   dispatch node 2 [] ''
wf: 'research-day-038' completed
wf: 'research-day-038' trace sealed
reuse: 'research-day-038' graph changed
wf: running 'research-day-038' (2 nodes, 1 edges, cap 1)
wf:   dispatch node 1 [] ''
wf:   dispatch node 2 [] ''
wf: 'research-day-038' suspended at node 2 (err -5)
RESEARCH day-038 PASS rc=0
day065 comparison logical=3 literal_compute=3 reused_compute=2 literal_tokens=12 reused_tokens=8 outputs=equal
RESEARCH day-065 PASS rc=0
