[2J[01;01H[=3h[2J[01;01H[2J[01;01H[=3h[2J[01;01H[2J[01;01H[=3h[2J[01;01HBdsDxe: failed to load Boot0001 "UEFI QEMU DVD-ROM QM00003 " from PciRoot(0x0)/Pci(0x1,0x1)/Ata(Secondary,Master,0x0): Not Found
BdsDxe: loading Boot0002 "UEFI QEMU HARDDISK QM00001 " from PciRoot(0x0)/Pci(0x1,0x1)/Ata(Primary,Master,0x0)
BdsDxe: starting Boot0002 "UEFI QEMU HARDDISK QM00001 " from PciRoot(0x0)/Pci(0x1,0x1)/Ata(Primary,Master,0x0)
[2J[01;01Hanxboot 0.1 -- Anunix UEFI loaderanxboot: kernel staged @ 0x000000003db68000, 6229288 bytesanxboot: entry=0x0000000000100000 span=0x0000000000100000..0x0000000000665000anxboot: pt-alloc: status=0x0000000000000000 base=0x000000003db5d000anxboot: identity-RWX page tables readyframebuffer console: 1280x800 @ 32bpp addr=80000000 pitch=5120
[2J[H
                       [38;5;37m___[0m
                      [38;5;37m/[0m   [38;5;37m\[0m
                     [38;5;37m/[0m  [38;5;6mo[0m  [38;5;73m\[0m
                    [38;5;30m/[0m       [38;5;73m\[0m
                   [38;5;30m/[0m  [38;5;37m_____[0m  [38;5;73m\[0m
                  [38;5;24m/[0m  [38;5;30m/[0m     [38;5;73m\[0m  [38;5;73m\[0m
                 [38;5;24m/[0m  [38;5;24m/[0m       [38;5;37m\[0m  [38;5;37m\[0m
                [38;5;24m/[0m[38;5;24m__[0m[38;5;24m/[0m         [38;5;37m\[0m[38;5;37m__[0m[38;5;37m\[0m

                [38;5;37mA N U N I X[0m
          [38;5;243mThe AI-Native Operating System[0m

  Anunix 2026.5.8 booting

arch init complete
state object layer initialized
execution cell runtime initialized
memory control plane initialized
routing plane and scheduler initialized
network plane initialized
capability store initialized
interface plane initialized
usb_mouse: no USB controller found (non-fatal)
posix compatibility layer initialized
credential store initialized
acpi: RSDP not found
pci: 6 devices found
virtio-net: 52:54:0:12:34:56 on irq 11
driver: virtio-net ok
[pal] no persisted state (first boot or fresh format)
[pal-prime] hw: npu=0 fb=1 wifi=0 storage=0
[pal] updated world=anx:world/workflow-search/v1 sessions=1
[pal] updated world=anx:world/workflow-search/v1 sessions=2
[pal] updated world=anx:world/workflow-search/v1 sessions=3
wf: subsystem initialized (max 16 workflows)
[wf-lib] registered 16 built-in workflow templates
workflow subsystem initialized
[jepa] no tensor engine available — world model disabled
vm: subsystem initialized (max 32 VMs)
vm subsystem initialized
[loop] session subsystem initialized (max 32 sessions)
[ebm] initialized: 4 scorers (world/goal/constraint/uncertainty)
theme: switched to pretty
theme: initialized pretty
theme subsystem initialized
dhcp: discovering...
dhcp: offered 10.0.2.15
dhcp: ip 10.0.2.15 gw 10.0.2.2 dns 10.0.2.3
net: ip 10.0.2.15 gw 10.0.2.2 dns 10.0.2.3
ntp: 2:24:25 UTC (unix 1789352665)
tcp: listening on port 8080
httpd: API server listening on port 8080
tcp: listening on port 22
sshd: SSH server listening on port 22
[wm] hotkeys registered (42 bindings)
[wm] initialized (9 workspaces)
window manager initialized
kernel init complete -- all subsystems online

=== Performance Profile ===

  arch_init: 911968 Kcycles (~911968 us)
  splash: 9987932 Kcycles (~9987932 us)
  gui_init: 239 Kcycles (~239 us)
  objstore_init: 34 Kcycles (~34 us)
  acpi_init: 855 Kcycles (~855 us)
  pci_init: 153667 Kcycles (~153667 us)
  drivers_probe: 2379 Kcycles (~2379 us)
  audio_init: 27 Kcycles (~27 us)
  dhcp_discover: 3241 Kcycles (~3241 us)
  net_stack_init: 1293 Kcycles (~1293 us)

  TOTAL: 11061640 Kcycles (~11061640 us)

[wm] desktop session started (workspace 1)
[wm] keybindings:
[wm]   Meta+1..9      switch workspace
[wm]   Meta+Shift+1..9 send window to workspace
[wm]   Meta+Enter     open terminal
[wm]   Meta+Q         close window
[wm]   Meta+F         fullscreen toggle
[wm]   Meta+[         tile left
[wm]   Meta+]         tile right
[wm]   Meta+Shift+F   float (restore from tile)
[wm]   Meta+Tab       cycle window focus
[wm]   Meta+Space     command search
[wm]   Meta+W         workflow designer
[wm]   Meta+O         object viewer
[wm]   Meta+M         minimize window
[wm]   Meta+Shift+H   halt system
[agent] opened

=== Anunix System Information ===

ANUNIX_KERNEL_PROFILE_V1 arch=x86_64 research_test=1
ANUNIX_SOURCE_PROFILE_V1 sha256=157992e446d3f9d6c1d65be37324d7467e9a12cbe9fc0e105979fa3aeaae2970
Memory:    11136 KiB free / 16384 KiB total (32% used)
Disk:      none
Network:   52:54:0:12:34:56 (ip 10.0.2.15)
PCI:       6 devices
Scheduler: int=0 bg=0 lat=0 batch=0
Event Queue: depth=0/256 drops=0 threshold=90%
  Latency: <1ms=0 1-5ms=0 5-10ms=0 >10ms=0

RESEARCH day-001 PASS rc=0
wf_bundle: size mismatch (got 1685, need 1686)
wf_bundle: size mismatch (got 1687, need 1686)
wf: created 'research-day-002' (cap 1)
wf: running 'research-day-002' (2 nodes, 1 edges, cap 1)
wf:   dispatch node 1 [] ''
wf:   dispatch node 2 [] ''
wf: 'research-day-002' completed
wf: 'research-day-002' trace sealed
RESEARCH day-002 PASS rc=0
RESEARCH day-003 PASS rc=0
[cap] validated: research-day-004-incumbent v1 score=100
[cap] validated: research-day-004-candidate v2 score=100
RESEARCH day-004 PASS rc=0
[cap] validated: research-day-005-incumbent v1 score=100
[cap] validated: research-day-005-candidate v2 score=100
wf: created 'research-day-005' (cap 1)
wf: running 'research-day-005' (3 nodes, 2 edges, cap 1)
wf:   dispatch node 1 [] ''
wf:   dispatch node 2 [] ''
wf: 'research-day-005' suspended at node 2 (err -5)
wf: running 'research-day-005' (3 nodes, 2 edges, cap 1)
wf:   dispatch node 1 [] ''
wf:   dispatch node 2 [] ''
wf: 'research-day-005' suspended at node 2 (err -5)
wf: running 'research-day-005' (3 nodes, 2 edges, cap 1)
wf:   dispatch node 1 [] ''
wf:   dispatch node 2 [] ''
wf: 'research-day-005' suspended at node 2 (err -5)
wf: running 'research-day-005' (3 nodes, 2 edges, cap 1)
wf:   dispatch node 1 [] ''
wf:   dispatch node 2 [] ''
wf: 'research-day-005' suspended at node 2 (err -2)
wf: running 'research-day-005' (3 nodes, 2 edges, cap 1)
wf:   dispatch node 1 [] ''
wf:   dispatch node 2 [] ''
wf:   dispatch node 3 [] ''
wf: 'research-day-005' completed
wf: 'research-day-005' trace sealed
RESEARCH day-005 PASS rc=0
RESEARCH day-006 PASS rc=0
RESEARCH day-007 PASS rc=0
RESEARCH day-008 PASS rc=0
RESEARCH day-009 PASS rc=0
RESEARCH day-010 PASS rc=0
RESEARCH day-011 PASS rc=0
RESEARCH day-012 PASS rc=0
RESEARCH day-013 PASS rc=0
RESEARCH day-014 PASS rc=0
RESEARCH day-015 PASS rc=0
RESEARCH day-016 PASS rc=0
RESEARCH day-017 PASS rc=0
RESEARCH day-018 PASS rc=0
[cap] validated: research-day-019-denied v1 score=100
[cap] validated: research-day-019-incumbent v1 score=100
[cap] validated: research-day-019-candidate v2 score=100
[cap] validated: research-day-019-next v3 score=100
[cap] validated: research-day-019-ready v1 score=100
[cap] validated: research-day-019-draft v1 score=100
RESEARCH day-019 PASS rc=0
RESEARCH day-020 PASS rc=0
RESEARCH day-021 PASS rc=0
RESEARCH day-022 PASS rc=0
RESEARCH day-023 PASS rc=0
RESEARCH day-024 PASS rc=0
RESEARCH day-025 PASS rc=0
RESEARCH day-026 PASS rc=0
[cap] validated: research-day-027-missing v1 score=100
[cap] validated: research-day-027-checked v1 score=100
[cap] validated: research-day-027-wide v1 score=100
[cap] validated: research-day-027-good v1 score=100
RESEARCH day-027 PASS rc=0
RESEARCH day-028 PASS rc=0
wf: created 'research-day-029-first' (cap 1)
wf: running 'research-day-029-first' (3 nodes, 1 edges, cap 1)
wf:   dispatch node 1 [] ''
wf:   dispatch node 2 [] ''
wf:   dispatch node 3 [] ''
wf: 'research-day-029-first' suspended at node 3 (err -5)
wf: created 'research-day-029-shared' (cap 1)
wf: running 'research-day-029-shared' (3 nodes, 1 edges, cap 1)
wf:   dispatch node 1 [] ''
wf:   dispatch node 2 [] ''
wf:   dispatch node 3 [] ''
wf: 'research-day-029-shared' suspended at node 3 (err -5)
wf: 'research-day-029-first' completed after resume
wf: 'research-day-029-first' trace sealed
wf: created 'research-day-029-review' (cap 1)
wf: running 'research-day-029-review' (3 nodes, 1 edges, cap 1)
wf:   dispatch node 1 [] ''
wf:   dispatch node 2 [] ''
wf:   dispatch node 3 [] ''
RESEARCH day-029 PASS rc=0
RESEARCH day-030 PASS rc=0
RESEARCH day-031 PASS rc=0
RESEARCH day-032 PASS rc=0
[cap] validated: research-day-033-candidate v1 score=100
[cap] validated: research-day-033-incumbent v1 score=100
RESEARCH day-033 PASS rc=0
RESEARCH day-034 PASS rc=0
RESEARCH day-035 PASS rc=0
RESEARCH day-036 PASS rc=0
wf: created 'research-day-037' (cap 1)
wf: running 'research-day-037' (3 nodes, 2 edges, cap 1)
wf:   dispatch node 1 [] ''
wf:   dispatch node 2 [] ''
wf:   dispatch node 3 [] ''
wf: 'research-day-037' completed
wf: 'research-day-037' trace sealed
wf: running 'research-day-037' (3 nodes, 2 edges, cap 1)
wf:   dispatch node 1 [] ''
wf:   dispatch node 2 [] ''
wf:   dispatch node 3 [] ''
wf: 'research-day-037' completed
wf: 'research-day-037' trace sealed
wf: running 'research-day-037' (3 nodes, 2 edges, cap 1)
wf:   dispatch node 1 [] ''
wf:   dispatch node 3 [] ''
wf:   dispatch node 2 [] ''
wf: 'research-day-037' completed
wf: 'research-day-037' trace sealed
wf: running 'research-day-037' (3 nodes, 2 edges, cap 1)
wf:   dispatch node 1 [] ''
wf:   dispatch node 2 [] ''
wf:   dispatch node 3 [] ''
wf: 'research-day-037' completed
wf: 'research-day-037' trace sealed
wf: created 'research-day-037-paused' (cap 1)
wf: running 'research-day-037-paused' (1 nodes, 0 edges, cap 1)
wf:   dispatch node 1 [] ''
wf: created 'research-day-037-paused' (cap 1)
wf: running 'research-day-037-paused' (1 nodes, 0 edges, cap 1)
wf:   dispatch node 1 [] ''
wf: 'research-day-037-paused' suspended at node 1 (err -5)
RESEARCH day-037 PASS rc=0
wf: created 'research-day-038' (cap 1)
wf: running 'research-day-038' (2 nodes, 1 edges, cap 1)
wf:   dispatch node 1 [] ''
wf:   dispatch node 2 [] ''
wf: 'research-day-038' completed
wf: 'research-day-038' trace sealed
reuse: 'research-day-038' condition 0 changed (version 1 to 2, hash 1)
wf: running 'research-day-038' (2 nodes, 1 edges, cap 1)
wf:   dispatch node 1 [] ''
wf:   dispatch node 2 [] ''
wf: 'research-day-038' completed
wf: 'research-day-038' trace sealed
reuse: 'research-day-038' graph changed
wf: running 'research-day-038' (2 nodes, 1 edges, cap 1)
wf:   dispatch node 1 [] ''
wf:   dispatch node 2 [] ''
wf: 'research-day-038' suspended at node 2 (err -5)
RESEARCH day-038 PASS rc=0
wf: created 'research-day-039' (cap 1)
wf: running 'research-day-039' (5 nodes, 5 edges, cap 1)
wf:   dispatch node 1 [] ''
wf:   dispatch node 2 [] ''
wf:   dispatch node 3 [] ''
wf:   dispatch node 4 [] ''
wf: 'research-day-039' suspended at node 4 (err -5)
wf:   dispatch node 5 [] ''
wf: 'research-day-039' completed after resume
wf: 'research-day-039' trace sealed
RESEARCH day-039 PASS rc=0
RESEARCH day-040 PASS rc=0
RESEARCH day-041 PASS rc=0
RESEARCH day-042 PASS rc=0
wf: created 'research-day-043' (cap 1)
wf: running 'research-day-043' (1 nodes, 0 edges, cap 1)
wf:   dispatch node 1 [] ''
wf: 'research-day-043' suspended at node 1 (err -5)
wf: running 'research-day-043' (1 nodes, 0 edges, cap 1)
wf:   dispatch node 1 [] ''
wf: 'research-day-043' suspended at node 1 (err -5)
wf: running 'research-day-043' (1 nodes, 0 edges, cap 1)
wf:   dispatch node 1 [] ''
wf: 'research-day-043' suspended at node 1 (err -5)
wf: 'research-day-043' completed after resume
wf: 'research-day-043' trace sealed
RESEARCH day-043 PASS rc=0
RESEARCH day-044 PASS rc=0
RESEARCH day-045 PASS rc=0
RESEARCH day-046 PASS rc=0
RESEARCH day-047 PASS rc=0
RESEARCH day-047 PASS rc=0
